#-----------------------------------------------------------
# Vivado v2018.2 (64-bit)
# SW Build 2258646 on Thu Jun 14 20:03:12 MDT 2018
# IP Build 2256618 on Thu Jun 14 22:10:49 MDT 2018
# Start of session at: Wed Dec 12 10:36:38 2018
# Process ID: 7572
# Current directory: D:/Usuario/Documents/GitHub/Loading-Belt-VHDL/loading_belt
# Command line: vivado.exe -gui_launcher_event rodinguilauncherevent9716 D:\Usuario\Documents\GitHub\Loading-Belt-VHDL\loading_belt\loading_belt.xpr
# Log file: D:/Usuario/Documents/GitHub/Loading-Belt-VHDL/loading_belt/vivado.log
# Journal file: D:/Usuario/Documents/GitHub/Loading-Belt-VHDL/loading_belt\vivado.jou
#-----------------------------------------------------------
start_gui
open_project D:/Usuario/Documents/GitHub/Loading-Belt-VHDL/loading_belt/loading_belt.xpr
update_compile_order -fileset sources_1
update_compile_order -fileset sources_1
update_compile_order -fileset sources_1
update_compile_order -fileset sources_1
update_compile_order -fileset sources_1
update_compile_order -fileset sources_1
